
 RUN  v4.0.18 D:/Desktop/Main/Files/Programming/Projects/myorep/myorep-timer

 Γ¥» src/__tests__/timerWorker.test.ts (7 tests | 1 failed) 11ms
       Γ£ô should handle start action and post tick messages 4ms
       Γ£ô should handle stop action and clear interval 1ms
       Γ£ô should use default interval of 1000ms when not specified 1ms
       ├ù should clear existing interval when starting new timer 2ms
       Γ£ô should calculate elapsed time correctly 1ms
       Γ£ô should handle stop when timer is not running 1ms
       Γ£ô should handle multiple stop calls 1ms
node.exe : 
At line:1 char:1
+ & "C:\Program 
Files\nodejs/node.exe" 
"C:\Users\User\AppData\
Roaming\n ...
+ ~~~~~~~~~~~~~~~~~~~~~
~~~~~~~~~~~~~~~~~~~~~~~
~~~~~~~~~~~~~~~~~~~~~~~
~~
    + CategoryInfo     
         : NotSpecifi  
  ed: (:String) [],    
 RemoteException
    + FullyQualifiedEr 
   rorId : NativeComm  
  andError
 
ΓÄ»ΓÄ»ΓÄ»ΓÄ»ΓÄ»ΓÄ»ΓÄ» 
Failed Tests 1 
ΓÄ»ΓÄ»ΓÄ»ΓÄ»ΓÄ»ΓÄ»ΓÄ»

 FAIL  src/__tests__/ti
merWorker.test.ts > 
timerWorker > message 
handling > should 
clear existing 
interval when starting 
new timer
AssertionError: 
expected "vi.fn()" to 
be called at least once
 Γ¥» src/__tests__/time
rWorker.test.ts:203:37
    201| 
    202|             
// Should have been 
called with new timing
    203|             ex
pect(mockPostMessage).t
oHaveBeenCalled();
       |               
                      ^
    204|         });
    205|     });

ΓÄ»ΓÄ»ΓÄ»ΓÄ»ΓÄ»ΓÄ»ΓÄ»ΓÄ
»ΓÄ»ΓÄ»ΓÄ»ΓÄ»ΓÄ»ΓÄ»ΓÄ»Γ
Ä»ΓÄ»ΓÄ»ΓÄ»ΓÄ»ΓÄ»ΓÄ»ΓÄ»
ΓÄ»[1/1]ΓÄ»


 Test Files  1 failed (1)
      Tests  1 failed | 6 passed (7)
   Start at  09:08:05
   Duration  1.06s (transform 30ms, setup 149ms, import 16ms, tests 11ms, environment 563ms)

